// Jest Snapshot v1, https://goo.gl/fbAQLP

exports[`renders correctly 1`] = `
<button
  className="card"
  onClick={[Function]}
>
  <h3
    className="title"
  />
  <p
    className="description"
  />
</button>
`;
