// Jest Snapshot v1, https://goo.gl/fbAQLP

exports[`renders correctly 1`] = `
<header
  className="header"
>
  <h1
    className="title"
  >
    ADDRESSBUCH
  </h1>
</header>
`;
