// Jest Snapshot v1, https://goo.gl/fbAQLP

exports[`renders correctly 1`] = `
<div
  className="container"
>
  <input
    className="input"
    name=""
    onChange={[Function]}
    placeholder=""
  />
  <label
    className="label"
  />
</div>
`;
